[1m🧪 Running Nook Typewriter Test Suite v2.0[0m
   7 tests for Hobby Robustness™

═══════════════════════════════════════════════════════════════
           🎭 NOOK TYPEWRITER TEST SUITE v2.0
           7 Tests for Hobby Robustness™
═══════════════════════════════════════════════════════════════

Test Categories:
  🛡️  Show Stoppers (MUST PASS) - Will it brick?
  🚧 Writing Blockers (SHOULD PASS) - Can you write?
  ✨ Writer Experience (NICE TO PASS) - Is it pleasant?

Starting test run (~30 seconds total)...

[0;31m═══ SHOW STOPPERS (Must Pass) ═══[0m
[0;34mRunning: 01-safety-check.sh[0m
----------------------------------------
🛡️  SAFETY CHECK - Don't brick the device!
==========================================

✓ Kernel image exists... YES
✓ No /dev/sda references... SAFE
✓ SD card protection enabled... YES
✓ Build system ready... YES

✅ SAFE TO PROCEED
Device should not brick if you:
  1. Use SD card (not internal storage)
  2. Double-check the device name
[0;32m✓ PASSED[0m

[0;34mRunning: 02-boot-test.sh[0m
----------------------------------------
🥾 BOOT TEST - Will it boot?
============================

✓ Boot scripts exist... YES (13 scripts)
✓ JesterOS service... YES
✓ Menu system... YES
✓ Common functions... YES
✓ Boot config... YES

✅ SHOULD BOOT
The device should boot to at least a shell
[0;32m✓ PASSED[0m

[1;33m═══ WRITING BLOCKERS (Should Pass) ═══[0m
[0;34mRunning: 04-docker-smoke.sh[0m
----------------------------------------
🐳 DOCKER SMOKE TEST - Does it actually run?
============================================

✓ Docker available... YES
✓ Docker image built... YES
✓ Container starts... Boot successful
YES
✓ Menu system valid... YES
✓ Vim installed... YES
✓ JesterOS services... WARNING - JesterOS services missing
✓ Common functions... WARNING - Common functions not loading
✓ Writing directories... YES
✓ Write workflow... YES

✅ RUNTIME TESTS PASSED
Core functionality works in Docker
Should work on hardware too!
[0;32m✓ PASSED[0m

[0;34mRunning: 05-consistency-check.sh[0m
----------------------------------------
🔍 CONSISTENCY CHECK - Are all the pieces connected?
====================================================

✓ Boot script references valid... YES
✓ No kernel module references... NO (21 references found)
    JesterOS is userspace only - no kernel modules!
✓ Consistent JesterOS naming... WARNING (46 SquireOS references remain)
    Should be JesterOS throughout
✓ Common library sourced... YES (4 scripts use it)
✓ Service paths consistent... NO - Found /proc/squireos (should be /var/jesteros)
✓ Scripts are executable... WARNING (8 scripts not executable)
    Run: chmod +x ../source/scripts/**/*.sh
✓ Function calls valid... YES

❌ CONSISTENCY ISSUES FOUND
Fix script references before deployment
[1;33m✗ FAILED - Writing may be impacted[0m
make: *** [Makefile:297: test] Error 1
